我的 PC 有2块SSD,第一块安装的是Windows，第二块安装了fedora。我忽然想安装更多的SSD了，反正SSD非常便宜。

```text
parted -l
Model: Colorful CN700 1TB (nvme)
Disk /dev/nvme0n1: 1024GB
Sector size (logical/physical): 512B/512B
Partition Table: gpt
Disk Flags: 

Number  Start   End     Size    File system  Name                          Flags
 1      1049kB  106MB   105MB   fat32        Basic data partition          boot, esp, no_automount
 2      106MB   123MB   16.8MB               Microsoft reserved partition  msftres, no_automount
 3      123MB   1023GB  1023GB  ntfs         Basic data partition          msftdata, no_automount
 4      1023GB  1024GB  739MB   ntfs                                       hidden, diag, no_automount


Model: CT1000P3SSD8 (nvme)
Disk /dev/nvme1n1: 1000GB
Sector size (logical/physical): 512B/512B
Partition Table: gpt
Disk Flags: 

Number  Start   End     Size    File system  Name                  Flags
 1      1049kB  630MB   629MB   fat32        EFI System Partition  boot, esp
 2      630MB   1704MB  1074MB  xfs                                bls_boot
 3      1704MB  277GB   275GB                                      lvm


Model: Unknown (unknown)
Disk /dev/zram0: 8590MB
Sector size (logical/physical): 4096B/4096B
Partition Table: loop
Disk Flags: 

Number  Start  End     Size    File system     Flags
 1      0.00B  8590MB  8590MB  linux-swap(v1)


```

你的输出信息很清晰，以下是你的系统磁盘结构简要分析：

---

## ✅ 第一块 SSD：`/dev/nvme0n1`（Colorful 1TB）

这是你的 **Windows 11 所在磁盘**，使用 GPT 分区表：

| 分区 | 用途                  | 类型    | 容量     |
|----|---------------------|-------|--------|
| 1  | EFI 系统分区（ESP）       | FAT32 | 105MB  |
| 2  | Microsoft 保留分区（MSR） | 未格式化  | 16.8MB |
| 3  | Windows 系统主分区（C盘）   | NTFS  | 1023GB |
| 4  | Windows 恢复分区        | NTFS  | 739MB  |

⚠️ 这块盘是 Windows 专用的，不建议也 **不需要** 在上面创建 LFS 分区。

---

## ✅ 第二块 SSD：`/dev/nvme1n1`（Crucial 1TB）

这是你已安装 Fedora 的磁盘，也使用 GPT 分区表：

| 分区 | 用途       | 类型    | 容量    | 备注                     |
|----|----------|-------|-------|------------------------|
| 1  | EFI 系统分区 | FAT32 | 629MB | Fedora 引导分区（/boot/efi） |
| 2  | `/boot`  | XFS   | 1.1GB | Fedora 的引导内核区          |
| 3  | LVM      | 未格式化  | 275GB | Fedora 系统 + swap 等内容   |

* Fedora 占用的是 `/dev/nvme1n1p1~p3`，共约 277GB；
* 这块盘剩余约 **723GB 空闲空间**（1000GB - 277GB）；
* 最适合用来划分给 LFS。

---

## ✅ 建议的 LFS 分区布局（在 `/dev/nvme1n1` 空闲空间中创建）

| 分区名              | 大小       | 用途                 | 建议文件系统 | 是否必须 |
|------------------|----------|--------------------|--------|------|
| `/dev/nvme1n1p4` | 40–100GB | LFS 根分区 `/`        | ext4   | ✅ 必须 |
| `/dev/nvme1n1p5` | 2GB      | swap（可共用 Fedora 的） | swap   | 可选   |
| `/dev/nvme1n1p6` | 200MB    | `/boot`（LFS 独立引导）  | ext2   | 可选   |

你也可以不单独设 `/boot`，而共用 Fedora 的 `/boot/efi`。

---

## 🧭 下一步建议操作

### ① 创建新分区

使用 `fdisk` 或 `parted` 创建新分区（比如从 `/dev/nvme1n1p4` 开始）：

```bash
sudo fdisk /dev/nvme1n1
```

命令提示下：

* 按 `n` 创建新分区；
* 从新起始扇区开始（默认即可）；
* 设置大小为 `+50G` 或 `+100G`；
* 保存退出（按 `w`）。

### ② 格式化新分区

```bash
sudo mkfs.ext4 /dev/nvme1n1p4
```

（你可以调整分区号，根据你创建的结果可能是 p4 或 p5）

### ③ 挂载分区以准备构建 LFS

```bash
sudo mkdir -pv /mnt/lfs
sudo mount /dev/nvme1n1p4 /mnt/lfs
```

设置环境变量（建议加到 `~/.bashrc`）：

```bash
export LFS=/mnt/lfs
```

---

## ✅ 最终确认

你现在的状态：

* Fedora 正常运行，安装在 `/dev/nvme1n1` 的前 277GB；
* 第二块 SSD 的空闲空间可以安全划出分区用于 LFS；
* 推荐 **在该空闲区域新建 ext4 分区，挂载到 /mnt/lfs**，开始 LFS 构建流程。

---

如果你需要我给出 `fdisk` 全流程（每一步输入），我可以写出来给你参考。你是否已经做好开始创建分区了？还是想等 LFS 的第2章看完再操作？
